// Jest Snapshot v1, https://goo.gl/fbAQLP

exports[`Test in Component GifGridItem should show GifGridItem correctly 1`] = `
<div
  className="card animate__animated animate__fadeIn"
>
  <img
    alt="Prueba"
    src="https://localhost.test.jpg"
  />
  <p>
    Prueba
  </p>
</div>
`;
